// Jest Snapshot v1, https://goo.gl/fbAQLP

exports[`Components : Charts: Area chart renders correctly 1`] = `
<svg
  className="chart"
  onMouseLeave={[Function]}
  onMouseMoveCapture={[Function]}
  onTouchEndCapture={[Function]}
  onTouchStart={[Function]}
  viewBox="0 0 200 200"
>
  <g
    transform="translate(30 30)"
  >
    <g
      transform="translate(0 140)"
    >
      <text
        className="label xTickLabel"
        x={29.166666666666668}
        y={20}
      >
        Mar  4
      </text>
      <text
        className="label xTickLabel"
        x={99.16666666666667}
        y={20}
      >
        Mar  4
      </text>
    </g>
    <g>
      <g>
        <svg
          className="yTickLabel"
          x="-10"
          y={144}
        >
          <text
            className="label"
          >
            0
          </text>
        </svg>
        <line
          className="gridLine"
          x1={0}
          x2={140}
          y1={140}
          y2={140}
        />
      </g>
      <g>
        <svg
          className="yTickLabel"
          x="-10"
          y={121.30956239870339}
        >
          <text
            className="label"
          >
            200
          </text>
        </svg>
        <line
          className="gridLine"
          x1={0}
          x2={140}
          y1={117.30956239870339}
          y2={117.30956239870339}
        />
      </g>
      <g>
        <svg
          className="yTickLabel"
          x="-10"
          y={98.61912479740681}
        >
          <text
            className="label"
          >
            400
          </text>
        </svg>
        <line
          className="gridLine"
          x1={0}
          x2={140}
          y1={94.61912479740681}
          y2={94.61912479740681}
        />
      </g>
      <g>
        <svg
          className="yTickLabel"
          x="-10"
          y={75.92868719611022}
        >
          <text
            className="label"
          >
            600
          </text>
        </svg>
        <line
          className="gridLine"
          x1={0}
          x2={140}
          y1={71.92868719611022}
          y2={71.92868719611022}
        />
      </g>
      <g>
        <svg
          className="yTickLabel"
          x="-10"
          y={53.23824959481361}
        >
          <text
            className="label"
          >
            800
          </text>
        </svg>
        <line
          className="gridLine"
          x1={0}
          x2={140}
          y1={49.23824959481361}
          y2={49.23824959481361}
        />
      </g>
      <g>
        <svg
          className="yTickLabel"
          x="-10"
          y={30.547811993517023}
        >
          <text
            className="label"
          >
            1,000
          </text>
        </svg>
        <line
          className="gridLine"
          x1={0}
          x2={140}
          y1={26.547811993517023}
          y2={26.547811993517023}
        />
      </g>
      <g>
        <svg
          className="yTickLabel"
          x="-10"
          y={7.857374392220418}
        >
          <text
            className="label"
          >
            1,200
          </text>
        </svg>
        <line
          className="gridLine"
          x1={0}
          x2={140}
          y1={3.8573743922204184}
          y2={3.8573743922204184}
        />
      </g>
    </g>
  </g>
  <g
    transform="translate(30 30)"
  >
    <path
      d="M0,140L140,140L140,126.0453808752026L0,0Z"
      fill="#333"
      opacity={0.8}
    />
    <path
      d="M0,140L140,140L140,125.02431118314425L0,0.11345218800648427Z"
      fill="#000"
      opacity={0.8}
    />
  </g>
</svg>
`;
