// Jest Snapshot v1, https://goo.gl/fbAQLP

exports[`Components : Common: Get Involved renders correctly 1`] = `
<div>
  <div
    className="getInvolved"
  >
    <div
      className="getInvolvedIcon"
    >
      â†’
    </div>
    <p>
      More text
    </p>
  </div>
</div>
`;
