// Jest Snapshot v1, https://goo.gl/fbAQLP

exports[`Components : Common: Press list renders correctly 1`] = `
<ul
  className="press-list pressList"
>
  <li>
    <cite
      className="title"
    >
      <a
        href="https://covidtracking.com"
      />
    </cite>
    <div
      className="detail-text detailText"
    >
      <span
        className="source"
      >
        COVID Test publication
      </span>
      <span
        className="dotSeparator"
      >
        •
      </span>
      April 15, 2020
    </div>
  </li>
  <li>
    <cite
      className="title"
    >
      <a
        href="https://covidtracking.com/two"
      />
    </cite>
    <div
      className="detail-text detailText"
    >
      <span
        className="source"
      >
        COVID Test publication two
      </span>
      <span
        className="dotSeparator"
      >
        •
      </span>
      April 16, 2020
    </div>
  </li>
</ul>
`;
