// Jest Snapshot v1, https://goo.gl/fbAQLP

exports[`Components : Common: Press list renders correctly 1`] = `"Donâ€™t worry"`;
