// Jest Snapshot v1, https://goo.gl/fbAQLP

exports[`Components : Common: Responsive table renders correctly 1`] = `
<table
  className="table table"
>
  <thead>
    <tr>
      <th
        className=""
        scope="col"
      >
        Date
      </th>
      <th
        className=""
        scope="col"
      >
        Data
      </th>
    </tr>
  </thead>
  <tbody>
    <tr>
      <td
        className="noWrap"
      >
        <span
          className="cellLabel"
        >
          Date
        </span>
        <span
          className="value"
        >
          formatted: 2020-08-03
        </span>
      </td>
      <td
        className=""
      >
        <span
          className="cellLabel"
        >
          Data
        </span>
        <span
          className="value"
        >
          A
        </span>
      </td>
    </tr>
    <tr>
      <td
        className="noWrap"
      >
        <span
          className="cellLabel"
        >
          Date
        </span>
        <span
          className="value"
        >
          formatted: 2020-08-04
        </span>
      </td>
      <td
        className=""
      >
        <span
          className="cellLabel"
        >
          Data
        </span>
        <span
          className="value"
        >
          B
        </span>
      </td>
    </tr>
  </tbody>
</table>
`;
