// Jest Snapshot v1, https://goo.gl/fbAQLP

exports[`Components : Common: Table renders correctly 1`] = `
<div>
  <table
    className="table"
  >
    <thead>
      <tr>
        <th>
          Column A
        </th>
        <th>
          Column B
        </th>
      </tr>
    </thead>
    <tbody>
      <tr>
        <td>
          Item A
        </td>
        <td>
          Item B
        </td>
      </tr>
      <tr>
        <td>
          Item A
        </td>
        <td>
          Item B
        </td>
      </tr>
      <tr>
        <td>
          Item A
        </td>
        <td>
          Item B
        </td>
      </tr>
    </tbody>
  </table>
</div>
`;
