// Jest Snapshot v1, https://goo.gl/fbAQLP

exports[`Components : Pages : Race : Dashboard : State Combined renders correctly 1`] = `
<div>
  <div
    className="stateOverview"
  >
    <div
      className="note"
    >
      <div
        className="container"
      >
        <p>
          The following tables reflect only those cases and deaths where
           
          race/ethnicity
           is known and reported by 
          Alabama
          . If this stateâ€™s reporting percentages are low, interpret with caution.
        </p>
      </div>
    </div>
  </div>
  <h3
    className="tableTitle"
  >
    Cases and deaths by race/ethnicity
  </h3>
  <div>
    <table
      className="table"
    >
      <thead>
        <tr>
          <th
            className="group"
            scope="col"
          >
            <span
              role="text"
            >
              Race/ethnicity
            </span>
          </th>
          <th
            className="borderLeft percent"
            scope="col"
          >
            <span
              role="text"
            >
              Percentage of population
            </span>
          </th>
          <th
            className="percent"
            scope="col"
          >
            <span
              role="text"
            >
              Percentage of cases
              <div
                className="symbolSpacer"
              />
            </span>
          </th>
          <th
            className="percent"
            scope="col"
          >
            <span
              role="text"
            >
              Percentage of deaths
              <div
                className="symbolSpacer"
              />
            </span>
          </th>
        </tr>
      </thead>
      <tbody>
        <tr>
          <th
            className="group"
            scope="row"
          >
            <span
              role="text"
            >
              Black or African American alone
            </span>
          </th>
          <td
            className="borderLeft"
          >
            22
            %
          </td>
          <td
            className=""
          >
            <span
              data-reach-tooltip-trigger=""
              onBlur={[Function]}
              onFocus={[Function]}
              onKeyDown={[Function]}
              onMouseDown={[Function]}
              onMouseEnter={[Function]}
              onMouseLeave={[Function]}
              onMouseMove={[Function]}
            >
              <span
                className="highlight"
              >
                3
                %
              </span>
            </span>
            <div
              className="symbolSpacer"
            >
              <span
                className="note"
                data-reach-tooltip-trigger=""
                onBlur={[Function]}
                onFocus={[Function]}
                onKeyDown={[Function]}
                onMouseDown={[Function]}
                onMouseEnter={[Function]}
                onMouseLeave={[Function]}
                onMouseMove={[Function]}
              >
                <a
                  href="#notes-al"
                >
                  <span
                    className="a11y-only"
                  >
                    This data should not be compared with percentage of the the population. Sample Sample blackPos notes.
                  </span>
                  <span>
                    1
                  </span>
                </a>
              </span>
            </div>
          </td>
          <td
            className=""
          >
            <span
              data-reach-tooltip-trigger=""
              onBlur={[Function]}
              onFocus={[Function]}
              onKeyDown={[Function]}
              onMouseDown={[Function]}
              onMouseEnter={[Function]}
              onMouseLeave={[Function]}
              onMouseMove={[Function]}
            >
              <span
                className="highlight"
              >
                0
                %
              </span>
            </span>
            <div
              className="symbolSpacer"
            >
              <span
                className="note"
                data-reach-tooltip-trigger=""
                onBlur={[Function]}
                onFocus={[Function]}
                onKeyDown={[Function]}
                onMouseDown={[Function]}
                onMouseEnter={[Function]}
                onMouseLeave={[Function]}
                onMouseMove={[Function]}
              >
                <a
                  href="#notes-al"
                >
                  <span
                    className="a11y-only"
                  >
                    This data should not be compared with percentage of the the population. 
                  </span>
                  <span>
                    12
                  </span>
                </a>
              </span>
            </div>
          </td>
        </tr>
        <tr>
          <th
            className="group"
            scope="row"
          >
            <span
              role="text"
            >
              Hispanic or Latino *
            </span>
          </th>
          <td
            className="borderLeft"
          >
            75
            %
          </td>
          <td
            className=""
          >
            <span
              data-reach-tooltip-trigger=""
              onBlur={[Function]}
              onFocus={[Function]}
              onKeyDown={[Function]}
              onMouseDown={[Function]}
              onMouseEnter={[Function]}
              onMouseLeave={[Function]}
              onMouseMove={[Function]}
            >
              <span
                className="highlight"
              >
                12
                %
              </span>
            </span>
            <div
              className="symbolSpacer"
            >
              <span
                className="note"
                data-reach-tooltip-trigger=""
                onBlur={[Function]}
                onFocus={[Function]}
                onKeyDown={[Function]}
                onMouseDown={[Function]}
                onMouseEnter={[Function]}
                onMouseLeave={[Function]}
                onMouseMove={[Function]}
              >
                <a
                  href="#notes-al"
                >
                  <span
                    className="a11y-only"
                  >
                    This data should not be compared with percentage of the the population. Sample Sample latinXPos notes.
                  </span>
                  <span>
                    2
                  </span>
                </a>
              </span>
            </div>
          </td>
          <td
            className=""
          >
            <span
              data-reach-tooltip-trigger=""
              onBlur={[Function]}
              onFocus={[Function]}
              onKeyDown={[Function]}
              onMouseDown={[Function]}
              onMouseEnter={[Function]}
              onMouseLeave={[Function]}
              onMouseMove={[Function]}
            >
              <span
                className="highlight"
              >
                0
                %
              </span>
            </span>
            <div
              className="symbolSpacer"
            >
              <span
                className="note"
                data-reach-tooltip-trigger=""
                onBlur={[Function]}
                onFocus={[Function]}
                onKeyDown={[Function]}
                onMouseDown={[Function]}
                onMouseEnter={[Function]}
                onMouseLeave={[Function]}
                onMouseMove={[Function]}
              >
                <a
                  href="#notes-al"
                >
                  <span
                    className="a11y-only"
                  >
                    Sample Sample latinXDeath notes.
                  </span>
                  <span>
                    3
                  </span>
                </a>
              </span>
            </div>
          </td>
        </tr>
        <tr>
          <th
            className="group"
            scope="row"
          >
            <span
              role="text"
            >
              Asian alone
            </span>
          </th>
          <td
            className="borderLeft"
          >
            85
            %
          </td>
          <td
            className=""
          >
            <span
              data-reach-tooltip-trigger=""
              onBlur={[Function]}
              onFocus={[Function]}
              onKeyDown={[Function]}
              onMouseDown={[Function]}
              onMouseEnter={[Function]}
              onMouseLeave={[Function]}
              onMouseMove={[Function]}
            >
              <span
                className="highlight"
              >
                52
                %
              </span>
            </span>
            <div
              className="symbolSpacer"
            >
              <span
                className="note"
                data-reach-tooltip-trigger=""
                onBlur={[Function]}
                onFocus={[Function]}
                onKeyDown={[Function]}
                onMouseDown={[Function]}
                onMouseEnter={[Function]}
                onMouseLeave={[Function]}
                onMouseMove={[Function]}
              >
                <a
                  href="#notes-al"
                >
                  <span
                    className="a11y-only"
                  >
                    This data should not be compared with percentage of the the population. Sample Sample asianPos notes.
                  </span>
                  <span>
                    4
                  </span>
                </a>
              </span>
            </div>
          </td>
          <td
            className=""
          >
            <span
              data-reach-tooltip-trigger=""
              onBlur={[Function]}
              onFocus={[Function]}
              onKeyDown={[Function]}
              onMouseDown={[Function]}
              onMouseEnter={[Function]}
              onMouseLeave={[Function]}
              onMouseMove={[Function]}
            >
              <span
                className="highlight"
              >
                0
                %
              </span>
            </span>
            <div
              className="symbolSpacer"
            >
              <span
                className="note"
                data-reach-tooltip-trigger=""
                onBlur={[Function]}
                onFocus={[Function]}
                onKeyDown={[Function]}
                onMouseDown={[Function]}
                onMouseEnter={[Function]}
                onMouseLeave={[Function]}
                onMouseMove={[Function]}
              >
                <a
                  href="#notes-al"
                >
                  <span
                    className="a11y-only"
                  >
                    This data should not be compared with percentage of the the population. 
                  </span>
                  <span>
                    12
                  </span>
                </a>
              </span>
            </div>
          </td>
        </tr>
        <tr>
          <th
            className="group"
            scope="row"
          >
            <span
              role="text"
            >
              Native Hawaiian and Pacific Islander alone
            </span>
          </th>
          <td
            className="borderLeft"
          >
            36
            %
          </td>
          <td
            className=""
          >
            <span
              data-reach-tooltip-trigger=""
              onBlur={[Function]}
              onFocus={[Function]}
              onKeyDown={[Function]}
              onMouseDown={[Function]}
              onMouseEnter={[Function]}
              onMouseLeave={[Function]}
              onMouseMove={[Function]}
            >
              <span
                className="highlight"
              >
                26
                %
              </span>
            </span>
            <div
              className="symbolSpacer"
            >
              <span
                className="note"
                data-reach-tooltip-trigger=""
                onBlur={[Function]}
                onFocus={[Function]}
                onKeyDown={[Function]}
                onMouseDown={[Function]}
                onMouseEnter={[Function]}
                onMouseLeave={[Function]}
                onMouseMove={[Function]}
              >
                <a
                  href="#notes-al"
                >
                  <span
                    className="a11y-only"
                  >
                    This data should not be compared with percentage of the the population. Sample Sample nhpiPos notes.
                  </span>
                  <span>
                    5
                  </span>
                </a>
              </span>
            </div>
          </td>
          <td
            className=""
          >
            <span
              data-reach-tooltip-trigger=""
              onBlur={[Function]}
              onFocus={[Function]}
              onKeyDown={[Function]}
              onMouseDown={[Function]}
              onMouseEnter={[Function]}
              onMouseLeave={[Function]}
              onMouseMove={[Function]}
            >
              <span
                className="highlight"
              >
                0
                %
              </span>
            </span>
            <div
              className="symbolSpacer"
            >
              <span
                className="note"
                data-reach-tooltip-trigger=""
                onBlur={[Function]}
                onFocus={[Function]}
                onKeyDown={[Function]}
                onMouseDown={[Function]}
                onMouseEnter={[Function]}
                onMouseLeave={[Function]}
                onMouseMove={[Function]}
              >
                <a
                  href="#notes-al"
                >
                  <span
                    className="a11y-only"
                  >
                    This data should not be compared with percentage of the the population. Sample Sample nhpiDeath notes.
                  </span>
                  <span>
                    6
                  </span>
                </a>
              </span>
            </div>
          </td>
        </tr>
        <tr>
          <th
            className="group"
            scope="row"
          >
            <span
              role="text"
            >
              American Indian or Alaska Native alone
            </span>
          </th>
          <td
            className="borderLeft"
          >
            79
            %
          </td>
          <td
            className=""
          >
            <span
              data-reach-tooltip-trigger=""
              onBlur={[Function]}
              onFocus={[Function]}
              onKeyDown={[Function]}
              onMouseDown={[Function]}
              onMouseEnter={[Function]}
              onMouseLeave={[Function]}
              onMouseMove={[Function]}
            >
              <span
                className="highlight"
              >
                60
                %
              </span>
            </span>
            <div
              className="symbolSpacer"
            >
              <span
                className="note"
                data-reach-tooltip-trigger=""
                onBlur={[Function]}
                onFocus={[Function]}
                onKeyDown={[Function]}
                onMouseDown={[Function]}
                onMouseEnter={[Function]}
                onMouseLeave={[Function]}
                onMouseMove={[Function]}
              >
                <a
                  href="#notes-al"
                >
                  <span
                    className="a11y-only"
                  >
                    This data should not be compared with percentage of the the population. Sample Sample aianPos notes.
                  </span>
                  <span>
                    7
                  </span>
                </a>
              </span>
            </div>
          </td>
          <td
            className=""
          >
            <span
              data-reach-tooltip-trigger=""
              onBlur={[Function]}
              onFocus={[Function]}
              onKeyDown={[Function]}
              onMouseDown={[Function]}
              onMouseEnter={[Function]}
              onMouseLeave={[Function]}
              onMouseMove={[Function]}
            >
              <span
                className="highlight"
              >
                0
                %
              </span>
            </span>
            <div
              className="symbolSpacer"
            >
              <span
                className="note"
                data-reach-tooltip-trigger=""
                onBlur={[Function]}
                onFocus={[Function]}
                onKeyDown={[Function]}
                onMouseDown={[Function]}
                onMouseEnter={[Function]}
                onMouseLeave={[Function]}
                onMouseMove={[Function]}
              >
                <a
                  href="#notes-al"
                >
                  <span
                    className="a11y-only"
                  >
                    This data should not be compared with percentage of the the population. Sample Sample aianDeath notes.
                  </span>
                  <span>
                    8
                  </span>
                </a>
              </span>
            </div>
          </td>
        </tr>
        <tr>
          <th
            className="group"
            scope="row"
          >
            <span
              role="text"
            >
              Two or more races
            </span>
          </th>
          <td
            className="borderLeft"
          >
            99
            %
          </td>
          <td
            className=""
          >
            <span
              data-reach-tooltip-trigger=""
              onBlur={[Function]}
              onFocus={[Function]}
              onKeyDown={[Function]}
              onMouseDown={[Function]}
              onMouseEnter={[Function]}
              onMouseLeave={[Function]}
              onMouseMove={[Function]}
            >
              <span
                className="highlight"
              >
                38
                %
              </span>
            </span>
            <div
              className="symbolSpacer"
            >
              <span
                className="note"
                data-reach-tooltip-trigger=""
                onBlur={[Function]}
                onFocus={[Function]}
                onKeyDown={[Function]}
                onMouseDown={[Function]}
                onMouseEnter={[Function]}
                onMouseLeave={[Function]}
                onMouseMove={[Function]}
              >
                <a
                  href="#notes-al"
                >
                  <span
                    className="a11y-only"
                  >
                    This data should not be compared with percentage of the the population. Sample Sample twoPos notes.
                  </span>
                  <span>
                    9
                  </span>
                </a>
              </span>
            </div>
          </td>
          <td
            className=""
          >
            <span
              data-reach-tooltip-trigger=""
              onBlur={[Function]}
              onFocus={[Function]}
              onKeyDown={[Function]}
              onMouseDown={[Function]}
              onMouseEnter={[Function]}
              onMouseLeave={[Function]}
              onMouseMove={[Function]}
            >
              <span
                className="highlight"
              >
                0
                %
              </span>
            </span>
            <div
              className="symbolSpacer"
            >
              <span
                className="note"
                data-reach-tooltip-trigger=""
                onBlur={[Function]}
                onFocus={[Function]}
                onKeyDown={[Function]}
                onMouseDown={[Function]}
                onMouseEnter={[Function]}
                onMouseLeave={[Function]}
                onMouseMove={[Function]}
              >
                <a
                  href="#notes-al"
                >
                  <span
                    className="a11y-only"
                  >
                    This data should not be compared with percentage of the the population. Sample Sample twoDeath notes.
                  </span>
                  <span>
                    10
                  </span>
                </a>
              </span>
            </div>
          </td>
        </tr>
        <tr>
          <th
            className="group"
            scope="row"
          >
            <span
              role="text"
            >
              White alone
            </span>
          </th>
          <td
            className="borderLeft"
          >
            3
            %
          </td>
          <td
            className=""
          >
            <span
              data-reach-tooltip-trigger=""
              onBlur={[Function]}
              onFocus={[Function]}
              onKeyDown={[Function]}
              onMouseDown={[Function]}
              onMouseEnter={[Function]}
              onMouseLeave={[Function]}
              onMouseMove={[Function]}
            >
              <span
                className="highlight"
              >
                79
                %
              </span>
            </span>
            <div
              className="symbolSpacer"
            >
              <span
                className="note"
                data-reach-tooltip-trigger=""
                onBlur={[Function]}
                onFocus={[Function]}
                onKeyDown={[Function]}
                onMouseDown={[Function]}
                onMouseEnter={[Function]}
                onMouseLeave={[Function]}
                onMouseMove={[Function]}
              >
                <a
                  href="#notes-al"
                >
                  <span
                    className="a11y-only"
                  >
                    This data should not be compared with percentage of the the population. Sample Sample whitePos notes.
                  </span>
                  <span>
                    11
                  </span>
                </a>
              </span>
            </div>
          </td>
          <td
            className=""
          >
            <span
              data-reach-tooltip-trigger=""
              onBlur={[Function]}
              onFocus={[Function]}
              onKeyDown={[Function]}
              onMouseDown={[Function]}
              onMouseEnter={[Function]}
              onMouseLeave={[Function]}
              onMouseMove={[Function]}
            >
              <span
                className="highlight"
              >
                0
                %
              </span>
            </span>
            <div
              className="symbolSpacer"
            >
              <span
                className="note"
                data-reach-tooltip-trigger=""
                onBlur={[Function]}
                onFocus={[Function]}
                onKeyDown={[Function]}
                onMouseDown={[Function]}
                onMouseEnter={[Function]}
                onMouseLeave={[Function]}
                onMouseMove={[Function]}
              >
                <a
                  href="#notes-al"
                >
                  <span
                    className="a11y-only"
                  >
                    This data should not be compared with percentage of the the population. 
                  </span>
                  <span>
                    12
                  </span>
                </a>
              </span>
            </div>
          </td>
        </tr>
        <tr>
          <th
            className="group"
            scope="row"
          >
            <span
              role="text"
            >
              Some other race alone
            </span>
          </th>
          <td
            className="borderLeft"
          >
            31
            %
          </td>
          <td
            className=""
          >
            <span
              data-reach-tooltip-trigger=""
              onBlur={[Function]}
              onFocus={[Function]}
              onKeyDown={[Function]}
              onMouseDown={[Function]}
              onMouseEnter={[Function]}
              onMouseLeave={[Function]}
              onMouseMove={[Function]}
            >
              <span
                className="highlight"
              >
                86
                %
              </span>
            </span>
            <div
              className="symbolSpacer"
            >
              <span
                className="note"
                data-reach-tooltip-trigger=""
                onBlur={[Function]}
                onFocus={[Function]}
                onKeyDown={[Function]}
                onMouseDown={[Function]}
                onMouseEnter={[Function]}
                onMouseLeave={[Function]}
                onMouseMove={[Function]}
              >
                <a
                  href="#notes-al"
                >
                  <span
                    className="a11y-only"
                  >
                    This data should not be compared with percentage of the the population. Sample Sample otherPos notes.
                  </span>
                  <span>
                    13
                  </span>
                </a>
              </span>
            </div>
          </td>
          <td
            className=""
          >
            <span
              data-reach-tooltip-trigger=""
              onBlur={[Function]}
              onFocus={[Function]}
              onKeyDown={[Function]}
              onMouseDown={[Function]}
              onMouseEnter={[Function]}
              onMouseLeave={[Function]}
              onMouseMove={[Function]}
            >
              <span
                className="highlight"
              >
                12
                %
              </span>
            </span>
            <div
              className="symbolSpacer"
            >
              <span
                className="note"
                data-reach-tooltip-trigger=""
                onBlur={[Function]}
                onFocus={[Function]}
                onKeyDown={[Function]}
                onMouseDown={[Function]}
                onMouseEnter={[Function]}
                onMouseLeave={[Function]}
                onMouseMove={[Function]}
              >
                <a
                  href="#notes-al"
                >
                  <span
                    className="a11y-only"
                  >
                    This data should not be compared with percentage of the the population. Sample Sample otherDeath notes.
                  </span>
                  <span>
                    14
                  </span>
                </a>
              </span>
            </div>
          </td>
        </tr>
      </tbody>
    </table>
  </div>
  <h4
    className="header"
    id="notes-al"
  >
    Notes
     
    <span
      className="a11y-only"
    >
       for 
      Alabama
    </span>
  </h4>
  <ul
    className="list"
  >
    <li>
      <span
        className="emptyNote"
      >
        *
      </span>
       Hispanic or Latino ethnicity, any race. All other race categories in this table are defined as Not Hispanic or Latino.
    </li>
    <li>
      <span
        aria-hidden={true}
        className="note unlinked"
      >
        <span>
          1
        </span>
      </span>
       
      This data should not be compared with percentage of the the population. Sample Sample blackPos notes.
    </li>
    <li>
      <span
        aria-hidden={true}
        className="note unlinked"
      >
        <span>
          2
        </span>
      </span>
       
      This data should not be compared with percentage of the the population. Sample Sample latinXPos notes.
    </li>
    <li>
      <span
        aria-hidden={true}
        className="note unlinked"
      >
        <span>
          3
        </span>
      </span>
       
      Sample Sample latinXDeath notes.
    </li>
    <li>
      <span
        aria-hidden={true}
        className="note unlinked"
      >
        <span>
          4
        </span>
      </span>
       
      This data should not be compared with percentage of the the population. Sample Sample asianPos notes.
    </li>
    <li>
      <span
        aria-hidden={true}
        className="note unlinked"
      >
        <span>
          5
        </span>
      </span>
       
      This data should not be compared with percentage of the the population. Sample Sample nhpiPos notes.
    </li>
    <li>
      <span
        aria-hidden={true}
        className="note unlinked"
      >
        <span>
          6
        </span>
      </span>
       
      This data should not be compared with percentage of the the population. Sample Sample nhpiDeath notes.
    </li>
    <li>
      <span
        aria-hidden={true}
        className="note unlinked"
      >
        <span>
          7
        </span>
      </span>
       
      This data should not be compared with percentage of the the population. Sample Sample aianPos notes.
    </li>
    <li>
      <span
        aria-hidden={true}
        className="note unlinked"
      >
        <span>
          8
        </span>
      </span>
       
      This data should not be compared with percentage of the the population. Sample Sample aianDeath notes.
    </li>
    <li>
      <span
        aria-hidden={true}
        className="note unlinked"
      >
        <span>
          9
        </span>
      </span>
       
      This data should not be compared with percentage of the the population. Sample Sample twoPos notes.
    </li>
    <li>
      <span
        aria-hidden={true}
        className="note unlinked"
      >
        <span>
          10
        </span>
      </span>
       
      This data should not be compared with percentage of the the population. Sample Sample twoDeath notes.
    </li>
    <li>
      <span
        aria-hidden={true}
        className="note unlinked"
      >
        <span>
          11
        </span>
      </span>
       
      This data should not be compared with percentage of the the population. Sample Sample whitePos notes.
    </li>
    <li>
      <span
        aria-hidden={true}
        className="note unlinked"
      >
        <span>
          12
        </span>
      </span>
       
      This data should not be compared with percentage of the the population. 
    </li>
    <li>
      <span
        aria-hidden={true}
        className="note unlinked"
      >
        <span>
          13
        </span>
      </span>
       
      This data should not be compared with percentage of the the population. Sample Sample otherPos notes.
    </li>
    <li>
      <span
        aria-hidden={true}
        className="note unlinked"
      >
        <span>
          14
        </span>
      </span>
       
      This data should not be compared with percentage of the the population. Sample Sample otherDeath notes.
    </li>
  </ul>
</div>
`;
