// Jest Snapshot v1, https://goo.gl/fbAQLP

exports[`Build handler provides methods defines handlers for each file type 1`] = `
Array [
  "json",
  "sheets",
  "xml",
  "yaml",
]
`;

exports[`Build process defaultPage returns a function that takes a value as an argument 1`] = `"[{\\"path\\":\\"/some/path\\",\\"value\\":1}]"`;

exports[`Build process processResult returns identity if not a function 1`] = `[Function]`;
