// Jest Snapshot v1, https://goo.gl/fbAQLP

exports[`Components : Pages : Data : Summary chart description renders correctly 1`] = `
<div
  className="a11y-only"
>
  Cases started at 1234 on Mar  3, and the most recent data on Mar  4
      was 132false.
      
          The most recent low-point in cases was 
          Dec 31, at undefined.
        
      
          The most recent high-point in cases was 
          Dec 31, at undefined.
        
</div>
`;
